[www.tao2korea.com/mall/index.html]
[backblue.gif]
[fade.gif]
[index.html]
[www.tao2korea.com/mall/css/button_basic.css]
[www.tao2korea.com/mall/skin/basic/css/morning.css]
[www.tao2korea.com/mall/skin/basic/css/orbit.css]
[www.tao2korea.com/mall/js/jquery-1.7.2.min.js]
[www.tao2korea.com/mall/js/jquery.orbit.js]
[www.tao2korea.com/mall/js/hd_min.js]
[www.tao2korea.com/mall/js/hd_libc.js]
[www.tao2korea.com/mall/js/back_bg.js]
[www.tao2korea.com/mall/js/hd_objc.js]
[www.tao2korea.com/mall/skin/basic/image/R_ly_box_02.gif]
[wcs.naver.net/wcslog.js]
[www.tao2korea.com/mall/skin/basic/image/R_ly_box_01.gif]
[www.tao2korea.com/mall/skin/basic/image/N_ly_todayview_up.gif]
[www.tao2korea.com/mall/js/skin_basic.js]
[www.tao2korea.com/mall/skin/basic/image/N_ly_todayview_down.gif]
[www.tao2korea.com/mall/skin/basic/image/R_ly_box_03.gif]
[www.tao2korea.com/mall/skin/basic/images/main_top_util.gif]
[www.tao2korea.com/mall/cheditor/cheditor.js]
[www.tao2korea.com/mall/m_login.html]
[www.tao2korea.com/mall/m_member.html]
[www.tao2korea.com/mall/m_mypage.html]
[www.tao2korea.com/mall/skin/basic/images/main_search_btn.gif]
[www.tao2korea.com/mall/m_cart.html]
[www.tao2korea.com/mall/skin/basic/images/main_nav_01.gif]
[www.tao2korea.com/mall/m_order.html]
[www.tao2korea.com/mall/skin/basic/images/main_nav_02.gif]
[www.tao2korea.com/mall/m_mall_best2.html]
[www.tao2korea.com/mall/skin/basic/images/main_nav_03.gif]
[www.tao2korea.com/mall/m_mall_best3.html]
[www.tao2korea.com/mall/skin/basic/images/main_nav_04.gif]
[www.tao2korea.com/mall/m_mall_best4.html]
[www.tao2korea.com/mall/skin/basic/images/main_nav_05.gif]
[www.tao2korea.com/mall/m_pagee5f6.html]
[www.tao2korea.com/mall/skin/basic/image/R_icon_02.23.delayed]
[www.tao2korea.com/mall/m_pagec897.html]
[www.tao2korea.com/mall/m_mall_list3ed2.html]
[www.tao2korea.com/mall/m_mall_list4b82.html]
[www.tao2korea.com/mall/m_mall_list30b6.html]
[www.tao2korea.com/mall/m_mall_list693f.html]
[www.tao2korea.com/mall/m_mall_list0103.html]
[www.tao2korea.com/mall/m_mall_list3ec0.html]
[www.tao2korea.com/mall/m_mall_list519b.html]
[www.tao2korea.com/mall/m_mall_list04e0.html]
[www.tao2korea.com/mall/m_mall_list16ae.html]
[www.tao2korea.com/mall/m_mall_list89a1.html]
[www.tao2korea.com/mall/board_data/cc4.jpg]
[www.tao2korea.com/mall/m_mall_listf4ae.html]
[www.tao2korea.com/mall/image/bt_close.gif]
[www.tao2korea.com/mall/m_mall_listcd2b.html]
[www.tao2korea.com/mall/cheditor/attach/20160107115414_xcuxbpro.png]
[www.tao2korea.com/mall/image/bt_popup_todayclose.gif]
[www.tao2korea.com/mall/m_mall_listb583.html]
[www.tao2korea.com/mall/image/loading.52.delayed]
[www.tao2korea.com/mall/board_data/13.jpg]
[www.tao2korea.com/mall/board_data/12.jpg]
[www.tao2korea.com/mall/m_mall_detail1db5.html]
[www.tao2korea.com/mall/board_data/11.jpg]
[www.tao2korea.com/mall/m_mall_detail9c3a.html]
[www.tao2korea.com/mall/board_data/13(1).jpg]
[www.tao2korea.com/mall/m_mall_detailf622.html]
[www.tao2korea.com/mall/board_data/tbook11.jpg]
[www.tao2korea.com/mall/m_mall_detail972b.html]
[www.tao2korea.com/mall/shop_image/201607/01(24).jpg]
[www.tao2korea.com/mall/image/no_image_150.gif]
[www.tao2korea.com/mall/skin/basic/image/H_icon_bank.gif]
[www.tao2korea.com/mall/skin/basic/image/H_icon_list_005.gif]
[www.tao2korea.com/mall/m_mall_detailf5dd.html]
[www.tao2korea.com/mall/shop_image/201607/01(21).jpg]
[www.tao2korea.com/mall/shop_image/201607/01(15).jpg]
[www.tao2korea.com/mall/m_mall_detail7ba3.html]
[www.tao2korea.com/mall/shop_image/201607/01(12).jpg]
[www.tao2korea.com/mall/m_mall_detail492a.html]
[www.tao2korea.com/mall/skin/basic/image/H_icon_nogoods.gif]
[www.tao2korea.com/mall/shop_image/201607/01(9).jpg]
[www.tao2korea.com/mall/m_mall_detailfefb.html]
[www.tao2korea.com/mall/m_mall_detail9386.html]
[www.tao2korea.com/mall/shop_image/201607/01.jpg]
[www.tao2korea.com/mall/shop_image/201606/01(20).jpg]
[www.tao2korea.com/mall/m_mall_detail22ae.html]
[www.tao2korea.com/mall/m_mall_detail1311.html]
[www.tao2korea.com/mall/shop_image/201606/00(54).jpg]
[www.tao2korea.com/mall/m_mall_detailfe52.html]
[www.tao2korea.com/mall/m_mall_detailcb14.html]
[www.tao2korea.com/mall/shop_image/201606/00(45).jpg]
[www.tao2korea.com/mall/m_mall_detail0c67.html]
[www.tao2korea.com/mall/shop_image/201606/00(39).jpg]
[www.tao2korea.com/mall/shop_image/201606/00(9).jpg]
[www.tao2korea.com/mall/m_mall_detailf7b0.html]
[www.tao2korea.com/mall/shop_image/201606/00(6).jpg]
[www.tao2korea.com/mall/m_mall_detail9d43.html]
[www.tao2korea.com/mall/shop_image/201606/00.jpg]
[www.tao2korea.com/mall/m_mall_detailf20e.html]
[www.tao2korea.com/mall/m_mall_detail7a8c.html]
[www.tao2korea.com/mall/shop_image/201605/00(43).jpg]
[www.tao2korea.com/mall/m_mall_detailb6d8.html]
[www.tao2korea.com/mall/shop_image/201605/00(40).jpg]
[www.tao2korea.com/mall/shop_image/201605/00(37).jpg]
[www.tao2korea.com/mall/m_mall_detail6ecd.html]
[www.tao2korea.com/mall/m_mall_detaila684.html]
[www.tao2korea.com/mall/shop_image/201605/00(34).jpg]
[www.tao2korea.com/mall/m_mall_detail4eb0.html]
[www.tao2korea.com/mall/shop_image/201607/01(30).jpg]
[www.tao2korea.com/mall/shop_image/201607/01(18).jpg]
[www.tao2korea.com/mall/m_mall_detailfcf0.html]
[www.tao2korea.com/mall/m_mall_detail0028.html]
[www.tao2korea.com/mall/shop_image/201606/01(17).jpg]
[www.tao2korea.com/mall/m_mall_detail4e71.html]
[www.tao2korea.com/mall/shop_image/201606/01(14).jpg]
[www.tao2korea.com/mall/m_mall_detail8c81.html]
[www.tao2korea.com/mall/shop_image/201606/01(5).jpg]
[www.tao2korea.com/mall/m_mall_detaile6f1.html]
[www.tao2korea.com/mall/shop_image/201606/01(3).jpg]
[www.tao2korea.com/mall/m_mall_detail668f.html]
[www.tao2korea.com/mall/shop_image/201606/01.jpg]
[www.tao2korea.com/mall/m_mall_detail5352.html]
[www.tao2korea.com/mall/shop_image/201606/00(51).jpg]
[www.tao2korea.com/mall/shop_image/201606/00(48).jpg]
[www.tao2korea.com/mall/m_mall_detail2f18.html]
[www.tao2korea.com/mall/shop_image/201606/00(36).jpg]
[www.tao2korea.com/mall/m_mall_detail866c.html]
[www.tao2korea.com/mall/m_mall_detailaa80.html]
[www.tao2korea.com/mall/shop_image/201606/00(21).jpg]
[www.tao2korea.com/mall/shop_image/201606/00(15).jpg]
[www.tao2korea.com/mall/m_mall_detail2b4c.html]
[www.tao2korea.com/mall/m_mall_detail95ff.html]
[www.tao2korea.com/mall/shop_image/201606/00(12).jpg]
[www.tao2korea.com/mall/m_mall_detail5a68.html]
[www.tao2korea.com/mall/shop_image/201605/00(46).jpg]
[www.tao2korea.com/mall/m_mall_detail48d3.html]
[www.tao2korea.com/mall/shop_image/201605/00(21).jpg]
[www.tao2korea.com/mall/m_mall_detail02bf.html]
[www.tao2korea.com/mall/shop_image/201605/00(12).jpg]
[www.tao2korea.com/mall/m_mall_detail13f8.html]
[www.tao2korea.com/mall/shop_image/201604/00(33).jpg]
[www.tao2korea.com/mall/m_mall_detail054e.html]
[www.tao2korea.com/mall/shop_image/201604/00(30).jpg]
[www.tao2korea.com/mall/m_mall_detailec2f.html]
[www.tao2korea.com/mall/shop_image/201607/01(27).jpg]
[www.tao2korea.com/mall/m_mall_detail123b.html]
[www.tao2korea.com/mall/shop_image/201606/01(8).jpg]
[www.tao2korea.com/mall/m_mall_detailad41.html]
[www.tao2korea.com/mall/shop_image/201606/00(30).jpg]
[www.tao2korea.com/mall/m_mall_detailb48e.html]
[www.tao2korea.com/mall/shop_image/201603/00(52).jpg]
[www.tao2korea.com/mall/m_mall_detailf89b.html]
[www.tao2korea.com/mall/shop_image/201505/360ï¸_20150510221926671.jpg]
[www.tao2korea.com/mall/m_mall_detail962b.html]
[www.tao2korea.com/mall/m_mall_detail9c88.html]
[www.tao2korea.com/mall/shop_image/201505/360ï¸_20150108012114329.jpg]
[www.tao2korea.com/mall/m_mall_detail83d5.html]
[www.tao2korea.com/mall/shop_image/201504/360ï¸_20150409170507253.jpg]
[www.tao2korea.com/mall/m_mall_detailcf10.html]
[www.tao2korea.com/mall/shop_image/201503/360ï¸_20150108012114329(3).jpg]
[www.tao2korea.com/mall/shop_image/201503/360ï¸_20150329150130177.jpg]
[www.tao2korea.com/mall/m_mall_detail16f6.html]
[www.tao2korea.com/mall/shop_image/201503/360ï¸_20150328212607562.jpg]
[www.tao2korea.com/mall/m_mall_detail5562.html]
[www.tao2korea.com/mall/m_mall_detail5af1.html]
[www.tao2korea.com/mall/shop_image/201503/360ï¸_20141227204514803.jpg]
[www.tao2korea.com/mall/m_mall_detail6295.html]
[www.tao2korea.com/mall/shop_image/201503/360ï¸_20150108012114329.jpg]
[www.tao2korea.com/mall/shop_image/201503/360ï¸_20150108013130212.jpg]
[www.tao2korea.com/mall/m_mall_detail9686.html]
[www.tao2korea.com/mall/image/icon_goods_2.gif]
[www.tao2korea.com/mall/shop_image/201606/00(3).jpg]
[www.tao2korea.com/mall/m_mall_detail8b40.html]
[www.tao2korea.com/mall/m_mall_detailb1ec.html]
[www.tao2korea.com/mall/shop_image/201604/00(10).jpg]
[www.tao2korea.com/mall/shop_image/201603/00(59).jpg]
[www.tao2korea.com/mall/m_mall_detail03db.html]
[www.tao2korea.com/mall/m_mall_detail9050.html]
[www.tao2korea.com/mall/shop_image/201603/00(45).jpg]
[www.tao2korea.com/mall/m_mall_detail3e89.html]
[www.tao2korea.com/mall/shop_image/201603/00(36).jpg]
[www.tao2korea.com/mall/m_mall_detail7e94.html]
[www.tao2korea.com/mall/shop_image/201601/00(17).jpg]
[www.tao2korea.com/mall/m_mall_detail4b2c.html]
[www.tao2korea.com/mall/shop_image/201601/00(2).jpg]
[www.tao2korea.com/mall/shop_image/201512/00(9).jpg]
[www.tao2korea.com/mall/m_mall_detailc48a.html]
[www.tao2korea.com/mall/m_mall_detail6617.html]
[www.tao2korea.com/mall/shop_image/201512/00(3).jpg]
[www.tao2korea.com/mall/shop_image/201511/00.jpg]
[www.tao2korea.com/mall/m_mall_detail2036.html]
[www.tao2korea.com/mall/shop_image/201510/00(18).jpg]
[www.tao2korea.com/mall/m_mall_detail35ac.html]
[www.tao2korea.com/mall/m_mall_detaile118.html]
[www.tao2korea.com/mall/shop_image/201510/00(7).jpg]
[www.tao2korea.com/mall/shop_image/201508/360ï¸_20150826004141573.jpg]
[www.tao2korea.com/mall/m_mall_detail4896.html]
[www.tao2korea.com/mall/m_mall_detaildc0d.html]
[www.tao2korea.com/mall/shop_image/201507/360ï¸_20150728222933704.jpg]
[www.tao2korea.com/mall/m_mall_detail9996.html]
[www.tao2korea.com/mall/shop_image/201507/360ï¸_20150728215546985.jpg]
[www.tao2korea.com/mall/shop_image/201506/360ï¸_20150627154607122.jpg]
[www.tao2korea.com/mall/m_mall_detail9cac.html]
[www.tao2korea.com/mall/m_mall_detail9410.html]
[www.tao2korea.com/mall/shop_image/201506/360ï¸_20150602015918228.jpg]
[www.tao2korea.com/mall/m_mall_detail6881.html]
[www.tao2korea.com/mall/shop_image/201508/00(14).jpg]
[www.tao2korea.com/mall/skin/basic/images/main_title_best.gif]
[www.tao2korea.com/mall/skin/basic/images/prev.gif]
[www.tao2korea.com/mall/m_mall_detail54d5.html]
[www.tao2korea.com/mall/shop_image/201603/00(30).jpg]
[www.tao2korea.com/mall/shop_image/201512/00(5).jpg]
[www.tao2korea.com/mall/m_mall_detail8747.html]
[www.tao2korea.com/mall/m_mall_detail8e37.html]
[www.tao2korea.com/mall/shop_image/201508/00(10).jpg]
[www.tao2korea.com/mall/shop_image/201507/360ï¸_20150706002208417.jpg]
[www.tao2korea.com/mall/shop_image/201510/001.jpg]
[www.tao2korea.com/mall/m_mall_detail43f4.html]
[www.tao2korea.com/mall/shop_image/201603/00(50).jpg]
[www.tao2korea.com/mall/m_mall_detail0d07.html]
[www.tao2korea.com/mall/m_mall_detailf8ac.html]
[www.tao2korea.com/mall/shop_image/201503/360ï¸_20150109132750885.jpg]
[www.tao2korea.com/mall/m_mall_detailfb44.html]
[www.tao2korea.com/mall/image/icon_goods_3.gif]
[www.tao2korea.com/mall/m_mall_detail25ef.html]
[www.tao2korea.com/mall/shop_image/201508/360ï¸_20150806201047688.jpg]
[www.tao2korea.com/mall/image/icon_goods_1.gif]
[www.tao2korea.com/mall/image/icon_goods_5.gif]
[www.tao2korea.com/mall/image/icon_goods_6.gif]
[www.tao2korea.com/mall/image/icon_goods_7.gif]
[www.tao2korea.com/mall/image/icon_goods_8.gif]
[www.tao2korea.com/mall/m_mall_detail1380.html]
[www.tao2korea.com/mall/shop_image/201504/Á¦¸ñ_¾øÀ½_3.jpg]
[www.tao2korea.com/mall/m_mall_detail0bed.html]
[www.tao2korea.com/mall/shop_image/201503/360ï¸_20150318001003019.jpg]
[www.tao2korea.com/mall/m_mall_detail601e.html]
[www.tao2korea.com/mall/image/icon_goods_4.gif]
[www.tao2korea.com/mall/shop_image/201503/360ï¸_20150314003008266.jpg]
[www.tao2korea.com/mall/m_mall_detail2a2b.html]
[www.tao2korea.com/mall/shop_image/201507/360ï¸_20150701203256511(3).jpg]
[www.tao2korea.com/mall/m_mall_detailf827.html]
[www.tao2korea.com/mall/m_mall_detail6c9b.html]
[www.tao2korea.com/mall/shop_image/201504/³¯°³¾ø´Â¼±Ç³±â.png]
[www.tao2korea.com/mall/shop_image/201503/20150327_004953.jpg]
[www.tao2korea.com/mall/m_mall_detail965f.html]
[www.tao2korea.com/mall/m_mall_detail1f90.html]
[www.tao2korea.com/mall/shop_image/201503/8.JPG]
[www.tao2korea.com/mall/skin/basic/images/next.gif]
[www.tao2korea.com/mall/skin/basic/images/main_title_new.gif]
[www.tao2korea.com/mall/shop_image/201605/³«ÇÏ»êÇØ¸Ô2.png]
[www.tao2korea.com/mall/m_mall_detail07d5.html]
[www.tao2korea.com/mall/m_mall_detail9814.html]
[www.tao2korea.com/mall/shop_image/201605/°í¾çÀÌ°ÅÄ¡2.png]
[www.tao2korea.com/mall/m_mall_detailb1cc.html]
[www.tao2korea.com/mall/shop_image/201603/ÀÌ¹ÌÁö_5.png]
[www.tao2korea.com/mall/m_mall_detail6835.html]
[www.tao2korea.com/mall/m_mall_detaile1b2.html]
[www.tao2korea.com/mall/shop_image/201603/00(33).jpg]
[www.tao2korea.com/mall/m_mall_detailcf43.html]
[www.tao2korea.com/mall/shop_image/201508/01.jpg]
[www.tao2korea.com/mall/m_mall_detail74b5.html]
[www.tao2korea.com/mall/shop_image/201510/000.jpg]
[www.tao2korea.com/mall/m_mall_detail158f.html]
[www.tao2korea.com/mall/shop_image/201509/00(5).jpg]
[www.tao2korea.com/mall/shop_image/201510/00.jpg]
[www.tao2korea.com/mall/m_mall_detailb3f8.html]
[www.tao2korea.com/mall/shop_image/201601/00(7).jpg]
[www.tao2korea.com/mall/m_mall_detailace4.html]
[www.tao2korea.com/mall/m_mall_detailec56.html]
[www.tao2korea.com/mall/shop_image/201601/3DÄÉÀÌ½º.png5.png]
[www.tao2korea.com/mall/m_mall_detailca34.html]
[www.tao2korea.com/mall/shop_image/201601/00.jpg]
[www.tao2korea.com/mall/m_mall_detail7b4d.html]
[www.tao2korea.com/mall/shop_image/201601/00(11).jpg]
[www.tao2korea.com/mall/m_mall_detail3d4c.html]
[www.tao2korea.com/mall/shop_image/201511/20151126_163336.jpg]
[www.tao2korea.com/mall/board_data/c4.jpg]
[www.tao2korea.com/mall/skin/basic/images/main_bottom_quick.gif]
[www.tao2korea.com/mall/board_data/¹Ý¼Û2.jpg]
[www.tao2korea.com/mall/skin/basic/images/main_footer_nav.gif]
[www.tao2korea.com/mall/m_customer.html]
[www.tao2korea.com/mall/m_page1289.html]
[www.tao2korea.com/mall/m_page9350.html]
[www.tao2korea.com/mall/m_page6b01.html]
[www.tao2korea.com/mall/m_boardc920.html]
[www.tao2korea.com/mall/index.html]
[www.tao2korea.com/mall/m_board136f.html]
[www.tao2korea.com/mall/css/button_basic.css]
[www.tao2korea.com/mall/skin/basic/css/morning.css]
[www.tao2korea.com/mall/skin/basic/css/orbit.css]
[www.tao2korea.com/mall/m_login.html]
[www.tao2korea.com/mall/m_member.html]
[www.tao2korea.com/mall/m_cart.html]
[www.tao2korea.com/mall/m_mypage.html]
[www.tao2korea.com/mall/m_order.html]
[www.tao2korea.com/mall/m_mall_best2.html]
[www.tao2korea.com/mall/m_mall_best3.html]
[www.tao2korea.com/mall/m_mall_best4.html]
[www.tao2korea.com/mall/m_pagee5f6.html]
[www.tao2korea.com/mall/m_pagec897.html]
[www.tao2korea.com/mall/m_mall_list3ed2.html]
[www.tao2korea.com/mall/m_mall_list4b82.html]
[www.tao2korea.com/mall/m_mall_list30b6.html]
[www.tao2korea.com/mall/m_mall_list693f.html]
[www.tao2korea.com/mall/m_mall_list0103.html]
[www.tao2korea.com/mall/m_mall_list3ec0.html]
[www.tao2korea.com/mall/m_mall_list519b.html]
[www.tao2korea.com/mall/m_mall_list04e0.html]
[www.tao2korea.com/mall/m_mall_list16ae.html]
[www.tao2korea.com/mall/m_mall_list89a1.html]
[www.tao2korea.com/mall/m_mall_listf4ae.html]
[www.tao2korea.com/mall/m_mall_listcd2b.html]
[www.tao2korea.com/mall/m_mall_listb583.html]
[www.tao2korea.com/mall/m_mall_detail1db5.html]
[www.tao2korea.com/mall/m_mall_detail9c3a.html]
[www.tao2korea.com/mall/m_mall_detailf622.html]
[www.tao2korea.com/mall/m_mall_detail972b.html]
[www.tao2korea.com/mall/m_mall_detailf5dd.html]
[www.tao2korea.com/mall/m_mall_detail7ba3.html]
[www.tao2korea.com/mall/m_mall_detail492a.html]
[www.tao2korea.com/mall/m_mall_detailfefb.html]
[www.tao2korea.com/mall/m_mall_detail9386.html]
[www.tao2korea.com/mall/m_mall_detail22ae.html]
[www.tao2korea.com/mall/m_mall_detail1311.html]
[www.tao2korea.com/mall/m_mall_detailfe52.html]
[www.tao2korea.com/mall/m_mall_detailcb14.html]
[www.tao2korea.com/mall/m_mall_detail0c67.html]
[www.tao2korea.com/mall/m_mall_detailf7b0.html]
[www.tao2korea.com/mall/m_mall_detail9d43.html]
[www.tao2korea.com/mall/m_mall_detailf20e.html]
[www.tao2korea.com/mall/m_mall_detail7a8c.html]
[www.tao2korea.com/mall/m_mall_detailb6d8.html]
[www.tao2korea.com/mall/m_mall_detail6ecd.html]
[www.tao2korea.com/mall/m_mall_detaila684.html]
[www.tao2korea.com/mall/m_mall_detail4eb0.html]
[www.tao2korea.com/mall/m_mall_detailfcf0.html]
[www.tao2korea.com/mall/m_mall_detail0028.html]
[www.tao2korea.com/mall/m_mall_detail4e71.html]
[www.tao2korea.com/mall/m_mall_detail8c81.html]
[www.tao2korea.com/mall/m_mall_detaile6f1.html]
[www.tao2korea.com/mall/m_mall_detail668f.html]
[www.tao2korea.com/mall/m_mall_detail5352.html]
[www.tao2korea.com/mall/m_mall_detail2f18.html]
[www.tao2korea.com/mall/m_mall_detail866c.html]
[www.tao2korea.com/mall/m_mall_detailaa80.html]
[www.tao2korea.com/mall/m_mall_detail2b4c.html]
[www.tao2korea.com/mall/m_mall_detail95ff.html]
[www.tao2korea.com/mall/m_mall_detail5a68.html]
[www.tao2korea.com/mall/m_mall_detail48d3.html]
[www.tao2korea.com/mall/m_mall_detail02bf.html]
[www.tao2korea.com/mall/m_mall_detail13f8.html]
[www.tao2korea.com/mall/m_mall_detail054e.html]
[www.tao2korea.com/mall/m_mall_detailec2f.html]
[www.tao2korea.com/mall/m_mall_detail123b.html]
[www.tao2korea.com/mall/m_mall_detailad41.html]
[www.tao2korea.com/mall/m_mall_detailb48e.html]
[www.tao2korea.com/mall/m_mall_detailf89b.html]
[www.tao2korea.com/mall/m_mall_detail962b.html]
[www.tao2korea.com/mall/m_mall_detail9c88.html]
[www.tao2korea.com/mall/m_mall_detail83d5.html]
[www.tao2korea.com/mall/m_mall_detailcf10.html]
[www.tao2korea.com/mall/m_mall_detail16f6.html]
[www.tao2korea.com/mall/m_mall_detail5562.html]
[www.tao2korea.com/mall/m_mall_detail5af1.html]
[www.tao2korea.com/mall/m_mall_detail6295.html]
[www.tao2korea.com/mall/m_mall_detail9686.html]
[www.tao2korea.com/mall/m_mall_detail8b40.html]
[www.tao2korea.com/mall/m_mall_detailb1ec.html]
[www.tao2korea.com/mall/m_mall_detail03db.html]
[www.tao2korea.com/mall/m_mall_detail9050.html]
[www.tao2korea.com/mall/m_mall_detail3e89.html]
[www.tao2korea.com/mall/m_mall_detail7e94.html]
[www.tao2korea.com/mall/m_mall_detail4b2c.html]
[www.tao2korea.com/mall/m_mall_detailc48a.html]
[www.tao2korea.com/mall/m_mall_detail6617.html]
[www.tao2korea.com/mall/m_mall_detail2036.html]
[www.tao2korea.com/mall/m_mall_detail35ac.html]
[www.tao2korea.com/mall/m_mall_detaile118.html]
[www.tao2korea.com/mall/m_mall_detail4896.html]
[www.tao2korea.com/mall/m_mall_detaildc0d.html]
[www.tao2korea.com/mall/m_mall_detail9996.html]
[www.tao2korea.com/mall/m_mall_detail9cac.html]
[www.tao2korea.com/mall/m_mall_detail9410.html]
[www.tao2korea.com/mall/m_mall_detail6881.html]
[www.tao2korea.com/mall/m_mall_detail54d5.html]
[www.tao2korea.com/mall/m_mall_detail8747.html]
[www.tao2korea.com/mall/m_mall_detail8e37.html]
[www.tao2korea.com/mall/m_mall_detail43f4.html]
[www.tao2korea.com/mall/m_mall_detail0d07.html]
[www.tao2korea.com/mall/m_mall_detailf8ac.html]
[www.tao2korea.com/mall/m_mall_detailfb44.html]
[www.tao2korea.com/mall/m_mall_detail25ef.html]
[www.tao2korea.com/mall/m_mall_detail1380.html]
[www.tao2korea.com/mall/m_mall_detail0bed.html]
[www.tao2korea.com/mall/m_mall_detail601e.html]
[www.tao2korea.com/mall/m_mall_detail2a2b.html]
[www.tao2korea.com/mall/m_mall_detailf827.html]
[www.tao2korea.com/mall/m_mall_detail6c9b.html]
[www.tao2korea.com/mall/m_mall_detail965f.html]
[www.tao2korea.com/mall/m_mall_detail1f90.html]
[www.tao2korea.com/mall/m_mall_detail07d5.html]
[www.tao2korea.com/mall/m_mall_detail9814.html]
[www.tao2korea.com/mall/m_mall_detailb1cc.html]
[www.tao2korea.com/mall/m_mall_detail6835.html]
[www.tao2korea.com/mall/m_mall_detaile1b2.html]
[www.tao2korea.com/mall/m_mall_detailcf43.html]
[www.tao2korea.com/mall/m_mall_detail74b5.html]
[www.tao2korea.com/mall/m_mall_detail158f.html]
[www.tao2korea.com/mall/m_mall_detailb3f8.html]
[www.tao2korea.com/mall/m_mall_detailace4.html]
[www.tao2korea.com/mall/m_mall_detailec56.html]
[www.tao2korea.com/mall/m_mall_review.html]
[www.tao2korea.com/mall/m_mall_detailca34.html]
[www.tao2korea.com/mall/m_mall_detail7b4d.html]
[www.tao2korea.com/mall/m_mall_detail3d4c.html]
[www.tao2korea.com/mall/m_customer.html]
[www.tao2korea.com/mall/m_page1289.html]
[www.tao2korea.com/mall/m_page9350.html]
[www.tao2korea.com/mall/m_page6b01.html]
[www.tao2korea.com/mall/m_boardc920.html]
[www.tao2korea.com/mall/m_board136f.html]
[www.tao2korea.com/mall/m_mall_review.html]
[www.tao2korea.com/mall/shop_image/201605/°í¾çÀÌ°ÅÄ¡2.png]
